this is a really long pipe
this is a really long pipe
this is a really long pipe
this is a really long pipe
this is a really long pipe
this is a really long pipe
this is a really long pipe
this is a really long pipe
